<!DOCTYPE html>
<!-- Built by Thransoft RSRU. -->
<!--  (C) 2020 - 2022 Thran.  -->
<!-- Licenced under the terms of the GPL. See licence.txt. -->
<html>
<head>
    <meta content="text/html; charset=utf-8" http-equiv="Content-Type">
    <meta name="description" content="">
    <meta name="keywords" content="">
    <meta name="author" content="">
    <meta name="viewport" content="width=device-width, initial-scale=1.0">
    <meta http-equiv="Cache-Control" content="no-store" />
    <link rel="stylesheet" href="../rsru.css" type="text/css">
        <link href="../rss.xml" type="application/rss+xml" rel="alternate" title="RSRU RSS Feed" />

    <title>RSRU :: sysadmin (Page 1)</title>
</head>
<body>
    <div id="topBar">
        <h1 id="top">RSRU</h1>
        <p id="subt">Really Small, Really Useful software listings.</p>
    </div>
    <div id="catBar">
        <div class="catName "><a href="../index.html">home</a></div>
<div class="catName "><a href="../utility/index.html">utility</a></div>
<div class="catName "><a href="../media/index.html">media</a></div>
<div class="catName active"><a href="../sysadmin/index.html">sysadmin</a></div>
<div class="catName "><a href="../gfx/index.html">gfx</a></div>
<div class="catName "><a href="../dev/index.html">dev</a></div>

    </div>
    <div id="bodyContainer">
        <div id="rsruCanvas">
<p id="catDesc">Controlling & profiling your system</p><h1>Notice</h1><p>This category is currently empty. Finely-curated entries are forthcoming!</p>    <div id="nav">
        <div id='navSkip'>&lt;<i><a href="#">PREV</a></i> || <i><a href="#">NEXT</a></i>&gt;</div>
        <div id='navCount'>Page [1 of <a href="../sysadmin/index.html">1</a>]</div>
    </div>
        </div>
        <p class="footerText">Rendered by <a href="https://github.com/lordfeck/rsru" target="_blank">RSRU</a>, &copy; 2020-2022 <a href="http://soft.thran.uk" target="_blank">Thransoft</a>. Source code is licenced GPLv3.</p>
                <p class="footerText"><a href="./rss.xml">RSS 2.0 feed</a></p>

    </div>
</body>
</html>
