<!DOCTYPE html>
<!-- Built by Thransoft RSRU. -->
<!--  (C) 2020 - 2022 Thran.  -->
<!-- Licenced under the terms of the GPL. See licence.txt. -->
<html>
<head>
    <meta content="text/html; charset=utf-8" http-equiv="Content-Type">
    <meta name="description" content="">
    <meta name="keywords" content="">
    <meta name="author" content="">
    <meta name="viewport" content="width=device-width, initial-scale=1.0">
    <meta http-equiv="Cache-Control" content="no-store" />
    <link rel="stylesheet" href="../rsru.css" type="text/css">
        <link href="../rss.xml" type="application/rss+xml" rel="alternate" title="RSRU RSS Feed" />

    <title>RSRU :: utility (Page 1)</title>
</head>
<body>
    <div id="topBar">
        <h1 id="top">RSRU</h1>
        <p id="subt">Really Small, Really Useful software listings.</p>
    </div>
    <div id="catBar">
        <div class="catName "><a href="../index.html">home</a></div>
<div class="catName active"><a href="../utility/index.html">utility</a></div>
<div class="catName "><a href="../media/index.html">media</a></div>
<div class="catName "><a href="../sysadmin/index.html">sysadmin</a></div>
<div class="catName "><a href="../gfx/index.html">gfx</a></div>
<div class="catName "><a href="../dev/index.html">dev</a></div>

    </div>
    <div id="bodyContainer">
        <div id="rsruCanvas">
<p id="catDesc">Small programs for accomplishing a specific task<span id="catTotal">(1 total)</span></p>            
            <table class="rsru highlight">
            <tr>
                <td class="title" colspan="3"><span id="entryTitle">Sample Soft</span> 1 <span class="anchor">[<a href="#samplesoft" id="samplesoft">jump here</a>]</span></td>
            <tr>
                <td class="desc" colspan="2" rowspan="1">Sample soft offers no convenience to the user. It only exists to provide a sample for RSRU.
This is a new line.
This is <b>bold</b> to test HTML.
</td>
                <td class ="td_img" rowspan="2">
                    <div class="imgWrap">
                    <div class="imgBorder">
                        <a href="./../img/sample.jpg" ><img src="./../img/sample_tn.jpg" class="imgThumbnail" title="sample soft screen shot" alt="sample soft screen shot"></a>
                    </div>
                    </div>
                </td>
            </tr>
            <tr>
                <td class="iface"><b>Interface:</b> console</td>
                <td class="date" title="Submission date"><b>Submitted:</b> 01/01/2020</td>
            </tr>
            <tr>
                <td class="ossp" colspan="1"><b>Systems supported:</b> Linux</td>
                <td class="dl_url" colspan="2"><a href="http://www.themostamazingwebsiteontheinternet.com/" target="_blank">Download Sample Soft</a></td>
            </tr>
            </table>
    <div id="nav">
        <div id='navSkip'>&lt;<i><a href="#">PREV</a></i> || <i><a href="#">NEXT</a></i>&gt;</div>
        <div id='navCount'>Page [1 of <a href="../utility/index.html">1</a>]</div>
    </div>
        </div>
        <p class="footerText">Rendered by <a href="https://github.com/lordfeck/rsru" target="_blank">RSRU</a>, &copy; 2020-2022 <a href="http://soft.thran.uk" target="_blank">Thransoft</a>. Source code is licenced GPLv3.</p>
                <p class="footerText"><a href="./rss.xml">RSS 2.0 feed</a></p>

    </div>
</body>
</html>
